2026-01-17 18:44:05,750 - INFO - ================================================================================
2026-01-17 18:44:05,750 - INFO - Medicare Agency Owner Enrichment Script v2
2026-01-17 18:44:05,750 - INFO - Input: CRM - HHAs by episodes # 2b53f850e21980adbd44ed2d4a99047f_all.csv
2026-01-17 18:44:05,750 - INFO - Output: agencies_enriched.csv
2026-01-17 18:44:05,750 - INFO - Revenue filter: $500,000 - $3,000,000
2026-01-17 18:44:05,750 - INFO - ================================================================================
2026-01-17 18:44:05,824 - INFO - Read 1830 rows
2026-01-17 18:44:05,825 - INFO - 
[514/1830]
2026-01-17 18:44:05,825 - INFO - Processing: STAR PLUS HOME CARE (CCN: 679448)
2026-01-17 18:44:06,328 - INFO - 
[536/1830]
2026-01-17 18:44:06,328 - INFO - Processing: YOUR HEALTH TEAM LLC (CCN: 679496)
2026-01-17 18:44:06,829 - INFO - 
[540/1830]
2026-01-17 18:44:06,829 - INFO - Processing: ST ANTHONYS HOME HEALTHCARE SERVICES INC (CCN: 457996)
2026-01-17 18:44:07,351 - INFO - Progress saved: 540/1830
2026-01-17 18:44:07,351 - INFO - 
[550/1830]
2026-01-17 18:44:07,351 - INFO - Processing: ENHABIT HOME HEALTH (CCN: 679432)
2026-01-17 18:44:07,853 - INFO - 
[554/1830]
2026-01-17 18:44:07,853 - INFO - Processing: GENUINE HEALTHCARE SERVICES INC (CCN: 747702)
2026-01-17 18:44:08,354 - INFO - 
[556/1830]
2026-01-17 18:44:08,354 - INFO - Processing: ANGEL BRIGHT HOME HEALTH INC (CCN: 679294)
2026-01-17 18:44:08,856 - INFO - 
[557/1830]
2026-01-17 18:44:08,856 - INFO - Processing: ALPHASTAR HOME HEALTH CARE (CCN: 679425)
2026-01-17 18:44:09,357 - INFO - 
[558/1830]
2026-01-17 18:44:09,357 - INFO - Processing: ON CALL HOME HEALTH AND REHAB SERVICES (CCN: 679762)
2026-01-17 18:44:09,859 - INFO - 
[559/1830]
2026-01-17 18:44:09,859 - INFO - Processing: JEFTONS HEALTH CARE SERVICES INC (CCN: 747642)
2026-01-17 18:44:10,361 - INFO - 
[562/1830]
2026-01-17 18:44:10,361 - INFO - Processing: HYGIA HEALTHCARE LLC (CCN: 747232)
2026-01-17 18:44:10,863 - INFO - 
[564/1830]
2026-01-17 18:44:10,863 - INFO - Processing: HEALTH VISION HOME HEALTH SERVICES INC (CCN: 747313)
2026-01-17 18:44:11,364 - INFO - 
[565/1830]
2026-01-17 18:44:11,364 - INFO - Processing: THERACARE HOME HEALTH (CCN: 679293)
2026-01-17 18:44:11,866 - INFO - 
[568/1830]
2026-01-17 18:44:11,866 - INFO - Processing: GRANDVIEW HEALTH AT HOME (CCN: 679034)
2026-01-17 18:44:12,367 - INFO - 
[570/1830]
2026-01-17 18:44:12,368 - INFO - Processing: 1 STOP HEALTH CARE SERVICES LLC (CCN: 679422)
2026-01-17 18:44:12,869 - INFO - 
[571/1830]
2026-01-17 18:44:12,869 - INFO - Processing: INTERIM HEALTHCARE (CCN: 679172)
2026-01-17 18:44:13,370 - INFO - 
[573/1830]
2026-01-17 18:44:13,371 - INFO - Processing: ENCOMPASS HEALTH HOME HEALTH (CCN: 677951)
2026-01-17 18:44:13,872 - INFO - 
[574/1830]
2026-01-17 18:44:13,872 - INFO - Processing: BESTCARE HEALTH SERVICES INC (CCN: 679231)
2026-01-17 18:44:14,373 - INFO - 
[575/1830]
2026-01-17 18:44:14,373 - INFO - Processing: CHRISTUS HOMECARE - ST MICHAEL (CCN: 679372)
2026-01-17 18:44:14,875 - INFO - 
[576/1830]
2026-01-17 18:44:14,875 - INFO - Processing: ENHABIT HOME HEALTH (CCN: 679021)
2026-01-17 18:44:15,377 - INFO - 
[577/1830]
2026-01-17 18:44:15,377 - INFO - Processing: HANA CARE TEXAS (CCN: 453107)
2026-01-17 18:44:15,879 - INFO - 
[579/1830]
2026-01-17 18:44:15,879 - INFO - Processing: HERITAGE HOME HEALTH OF EAST TEXAS (CCN: 677893)
2026-01-17 18:44:16,381 - INFO - 
[582/1830]
2026-01-17 18:44:16,381 - INFO - Processing: GILEAD HOME HEALTH (CCN: 679474)
2026-01-17 18:44:16,882 - INFO - 
[583/1830]
2026-01-17 18:44:16,882 - INFO - Processing: MISSION HOME HEALTH (CCN: 743121)
2026-01-17 18:44:17,384 - INFO - 
[584/1830]
2026-01-17 18:44:17,384 - INFO - Processing: TEXAS HOME HEALTH GROUP OF DENTON, LLC (CCN: 679325)
2026-01-17 18:44:17,885 - INFO - 
[585/1830]
2026-01-17 18:44:17,885 - INFO - Processing: 1ST CHOICE HOME HEALTH (CCN: 677789)
2026-01-17 18:44:18,387 - INFO - 
[587/1830]
2026-01-17 18:44:18,387 - INFO - Processing: ENHABIT HOME HEALTH (CCN: 457107)
2026-01-17 18:44:18,889 - INFO - 
[588/1830]
2026-01-17 18:44:18,889 - INFO - Processing: TRI COUNTY HOME HEALTH (CCN: 458280)
2026-01-17 18:44:19,391 - INFO - 
[589/1830]
2026-01-17 18:44:19,391 - INFO - Processing: CC YOUNG HOME HEALTH AND HOSPICE (CCN: 747252)
2026-01-17 18:44:19,892 - INFO - 
[590/1830]
2026-01-17 18:44:19,892 - INFO - Processing: UNITED HOME CARE (CCN: 459309)
2026-01-17 18:44:20,394 - INFO - 
[591/1830]
2026-01-17 18:44:20,395 - INFO - Processing: CENTERWELL HOME HEALTH (CCN: 678039)
2026-01-17 18:44:20,897 - INFO - 
[592/1830]
2026-01-17 18:44:20,897 - INFO - Processing: CHOICE HEALTH AT HOME (CCN: 679145)
2026-01-17 18:44:21,398 - INFO - 
[595/1830]
2026-01-17 18:44:21,399 - INFO - Processing: ALMIGHTY HOME HEALTH (CCN: 677928)
2026-01-17 18:44:21,900 - INFO - 
[596/1830]
2026-01-17 18:44:21,900 - INFO - Processing: FIRST TEXAS HOME HEALTH (CCN: 458193)
2026-01-17 18:44:22,401 - INFO - 
[598/1830]
2026-01-17 18:44:22,402 - INFO - Processing: CENTERWELL HOME HEALTH (CCN: 457126)
2026-01-17 18:44:22,903 - INFO - 
[599/1830]
2026-01-17 18:44:22,903 - INFO - Processing: ADVOCATE HOME CARE (CCN: 679312)
2026-01-17 18:44:23,405 - INFO - 
[600/1830]
2026-01-17 18:44:23,405 - INFO - Processing: ELARA CARING (CCN: 743142)
2026-01-17 18:44:23,939 - INFO - Progress saved: 600/1830
2026-01-17 18:44:23,939 - INFO - 
[601/1830]
2026-01-17 18:44:23,939 - INFO - Processing: VERITAS HOME HEALTH (CCN: 677811)
2026-01-17 18:44:24,441 - INFO - 
[602/1830]
2026-01-17 18:44:24,441 - INFO - Processing: RELIABLE HOME HEALTH SERVICES (CCN: 743146)
2026-01-17 18:44:24,943 - INFO - 
[603/1830]
2026-01-17 18:44:24,943 - INFO - Processing: TRADITIONS HEALTH CARE (CCN: 678338)
2026-01-17 18:44:25,445 - INFO - 
[604/1830]
2026-01-17 18:44:25,445 - INFO - Processing: VITALCARING GROUP (CCN: 457159)
2026-01-17 18:44:25,949 - INFO - 
[605/1830]
2026-01-17 18:44:25,949 - INFO - Processing: HOME CARE SELECT (CCN: 747095)
2026-01-17 18:44:26,451 - INFO - 
[606/1830]
2026-01-17 18:44:26,451 - INFO - Processing: INTERIM HEALTHCARE (CCN: 747159)
2026-01-17 18:44:26,953 - INFO - 
[607/1830]
2026-01-17 18:44:26,953 - INFO - Processing: DIRECT HEALTH CARE INC (CCN: 677264)
2026-01-17 18:44:27,454 - INFO - 
[608/1830]
2026-01-17 18:44:27,455 - INFO - Processing: CENTERWELL HOME HEALTH (CCN: 459371)
2026-01-17 18:44:27,956 - INFO - 
[609/1830]
2026-01-17 18:44:27,957 - INFO - Processing: RESTORING FUNCTION HHC LLC (CCN: 747775)
2026-01-17 18:44:28,458 - INFO - 
[610/1830]
2026-01-17 18:44:28,459 - INFO - Processing: TOTAL PATIENT CARE HOME HEALTH (CCN: 457823)
2026-01-17 18:44:28,961 - INFO - 
[611/1830]
2026-01-17 18:44:28,961 - INFO - Processing: HARBOR HOME HEALTH (CCN: 679163)
2026-01-17 18:44:29,463 - INFO - 
[612/1830]
2026-01-17 18:44:29,463 - INFO - Processing: HAVEN HOME HEALTH LLC (CCN: 679291)
2026-01-17 18:44:29,966 - INFO - 
[613/1830]
2026-01-17 18:44:29,966 - INFO - Processing: GRACE HOME HEALTH INC (CCN: 679309)
2026-01-17 18:44:30,468 - INFO - 
[614/1830]
2026-01-17 18:44:30,469 - INFO - Processing: SAINT MATTHEW HOME HEALTH CARE LLC (CCN: 747176)
2026-01-17 18:44:30,971 - INFO - 
[615/1830]
2026-01-17 18:44:30,971 - INFO - Processing: ASPEN HEALTHCARE SERVICES INC (CCN: 743181)
2026-01-17 18:44:31,474 - INFO - 
[616/1830]
2026-01-17 18:44:31,474 - INFO - Processing: PROVISTA HEALTHCARE (CCN: 453177)
2026-01-17 18:44:31,975 - INFO - 
[617/1830]
2026-01-17 18:44:31,975 - INFO - Processing: INTERIM HEALTHCARE OF AUSTIN (CCN: 457174)
2026-01-17 18:44:32,478 - INFO - 
[619/1830]
2026-01-17 18:44:32,478 - INFO - Processing: GOOD SHEPHERD HOMECARE - MARSHALL (CCN: 458244)
2026-01-17 18:44:32,979 - INFO - 
[620/1830]
2026-01-17 18:44:32,980 - INFO - Processing: ROBINSON CREEK HOME HEALTH AND HOSPICE (CCN: 677433)
2026-01-17 18:44:33,506 - INFO - Progress saved: 620/1830
2026-01-17 18:44:33,506 - INFO - 
[621/1830]
2026-01-17 18:44:33,506 - INFO - Processing: ELARA CARING (CCN: 677660)
2026-01-17 18:44:34,008 - INFO - 
[622/1830]
2026-01-17 18:44:34,008 - INFO - Processing: THE LEGACY AT HOME (CCN: 747734)
2026-01-17 18:44:34,510 - INFO - 
[623/1830]
2026-01-17 18:44:34,510 - INFO - Processing: THE FOUR GROUP HOMECARE LLC (CCN: 679363)
2026-01-17 18:44:35,011 - INFO - 
[624/1830]
2026-01-17 18:44:35,011 - INFO - Processing: STEPHENS HEALTH CARE INC (CCN: 677624)
2026-01-17 18:44:35,513 - INFO - 
[625/1830]
2026-01-17 18:44:35,513 - INFO - Processing: CENTERWELL HOME HEALTH (CCN: 459496)
2026-01-17 18:44:36,015 - INFO - 
[626/1830]
2026-01-17 18:44:36,015 - INFO - Processing: HEALING HANDS HOME HEALTH CARE LLC (CCN: 679502)
2026-01-17 18:44:36,517 - INFO - 
[627/1830]
2026-01-17 18:44:36,517 - INFO - Processing: SIENNA HOME HEALTH CARE (CCN: 453145)
2026-01-17 18:44:37,019 - INFO - 
[628/1830]
2026-01-17 18:44:37,020 - INFO - Processing: EXCEL COMPLETE HOME HEALTHCARE INC (CCN: 677920)
2026-01-17 18:44:37,522 - INFO - 
[629/1830]
2026-01-17 18:44:37,522 - INFO - Processing: RENEW HOME HEALTH (CCN: 747251)
2026-01-17 18:44:38,024 - INFO - 
[630/1830]
2026-01-17 18:44:38,024 - INFO - Processing: ELITE HOME HEALTH (CCN: 453182)
2026-01-17 18:44:38,526 - INFO - 
[631/1830]
2026-01-17 18:44:38,526 - INFO - Processing: FIRST HOME HEALTHCARE LLC (CCN: 747222)
2026-01-17 18:44:39,028 - INFO - 
[632/1830]
2026-01-17 18:44:39,028 - INFO - Processing: OPTIMUM HOME HEALTH CARE INC (CCN: 457978)
2026-01-17 18:44:39,530 - INFO - 
[633/1830]
2026-01-17 18:44:39,531 - INFO - Processing: HARMONYCARES HOME HEALTH (CCN: 679132)
2026-01-17 18:44:40,032 - INFO - 
[634/1830]
2026-01-17 18:44:40,032 - INFO - Processing: ANGELICAL HOME HEALTH, INC. (CCN: 677881)
2026-01-17 18:44:40,534 - INFO - 
[635/1830]
2026-01-17 18:44:40,534 - INFO - Processing: ANOINTED HOME HEALTH CARE (CCN: 747399)
2026-01-17 18:44:41,036 - INFO - 
[636/1830]
2026-01-17 18:44:41,037 - INFO - Processing: SAN ANTONIO HOME HEALTH (CCN: 747408)
2026-01-17 18:44:41,539 - INFO - 
[637/1830]
2026-01-17 18:44:41,541 - INFO - Processing: ELARA CARING (CCN: 677492)
2026-01-17 18:44:42,042 - INFO - 
[638/1830]
2026-01-17 18:44:42,043 - INFO - Processing: CARTER HEALTHCARE (CCN: 747416)
2026-01-17 18:44:42,545 - INFO - 
[639/1830]
2026-01-17 18:44:42,545 - INFO - Processing: ADVENTIA HEALTHCARE ASSOCIATES INC (CCN: 679553)
2026-01-17 18:44:43,047 - INFO - 
[640/1830]
2026-01-17 18:44:43,047 - INFO - Processing: ENCOMPASS HEALTH HOME HEALTH (CCN: 678352)
2026-01-17 18:44:43,572 - INFO - Progress saved: 640/1830
2026-01-17 18:44:43,572 - INFO - 
[641/1830]
2026-01-17 18:44:43,572 - INFO - Processing: ADVANCED HOME HEALTH SERVICES (CCN: 743135)
2026-01-17 18:44:44,074 - INFO - 
[642/1830]
2026-01-17 18:44:44,074 - INFO - Processing: ELITE HOME HEALTH (CCN: 453151)
2026-01-17 18:44:44,576 - INFO - 
[643/1830]
2026-01-17 18:44:44,576 - INFO - Processing: CHOICE HEALTH AT HOME (CCN: 747109)
2026-01-17 18:44:45,078 - INFO - 
[644/1830]
2026-01-17 18:44:45,078 - INFO - Processing: EBENEZER HOME HEALTH (CCN: 677948)
2026-01-17 18:44:45,580 - INFO - 
[645/1830]
2026-01-17 18:44:45,580 - INFO - Processing: INTERIM HEALTHCARE (CCN: 677504)
2026-01-17 18:44:46,083 - INFO - 
[646/1830]
2026-01-17 18:44:46,083 - INFO - Processing: SELECT CARE HOME HEALTH, INC. (CCN: 679170)
2026-01-17 18:44:46,585 - INFO - 
[648/1830]
2026-01-17 18:44:46,585 - INFO - Processing: DEDICATED HOME HEALTH (CCN: 457702)
2026-01-17 18:44:47,087 - INFO - 
[649/1830]
2026-01-17 18:44:47,087 - INFO - Processing: CENTERWELL HOME HEALTH (CCN: 457124)
2026-01-17 18:44:47,590 - INFO - 
[650/1830]
2026-01-17 18:44:47,590 - INFO - Processing: CHOICE HOMECARE (CCN: 458261)
2026-01-17 18:44:48,092 - INFO - 
[651/1830]
2026-01-17 18:44:48,092 - INFO - Processing: MIDLAND HEALTH AT HOME (CCN: 743175)
2026-01-17 18:44:48,595 - INFO - 
[652/1830]
2026-01-17 18:44:48,595 - INFO - Processing: EMBRACE HOME HEALTH (CCN: 677271)
2026-01-17 18:44:49,097 - INFO - 
[653/1830]
2026-01-17 18:44:49,097 - INFO - Processing: NORTH TEXAS HOME HEALTH CARE INC (CCN: 747851)
2026-01-17 18:44:49,599 - INFO - 
[654/1830]
2026-01-17 18:44:49,600 - INFO - Processing: ENHABIT HOME HEALTH (CCN: 679509)
2026-01-17 18:44:50,102 - INFO - 
[655/1830]
2026-01-17 18:44:50,102 - INFO - Processing: FIRST RAPHA HOME HEALTH LLC (CCN: 747418)
2026-01-17 18:44:50,604 - INFO - 
[656/1830]
2026-01-17 18:44:50,604 - INFO - Processing: ACCENTCARE HEALTH AND PERSONAL CARE SERVICES OF TEXAS (CCN: 457528)
2026-01-17 18:44:51,106 - INFO - 
[657/1830]
2026-01-17 18:44:51,106 - INFO - Processing: BENEVOLENT CARE HEALTH SERVICES INC (CCN: 679773)
2026-01-17 18:44:51,608 - INFO - 
[658/1830]
2026-01-17 18:44:51,610 - INFO - Processing: GENERATIONS HOME HEALTH (CCN: 457924)
2026-01-17 18:44:52,113 - INFO - 
[659/1830]
2026-01-17 18:44:52,113 - INFO - Processing: CYFAIR HEALTHCARE, LLC (CCN: 677926)
2026-01-17 18:44:52,616 - INFO - 
[660/1830]
2026-01-17 18:44:52,616 - INFO - Processing: NURSEX HOME HEALTH SERVICES LLC (CCN: 747783)
2026-01-17 18:44:53,144 - INFO - Progress saved: 660/1830
2026-01-17 18:44:53,144 - INFO - 
[661/1830]
2026-01-17 18:44:53,144 - INFO - Processing: SHANNON HOME HEALTH SERVICES (CCN: 457646)
2026-01-17 18:44:53,648 - INFO - 
[662/1830]
2026-01-17 18:44:53,648 - INFO - Processing: IVANA HOME HEALTH SERVICES (CCN: 677935)
2026-01-17 18:44:54,150 - INFO - 
[663/1830]
2026-01-17 18:44:54,150 - INFO - Processing: 1ST ACCURATE HOME HEALTH SERVICE (CCN: 747123)
2026-01-17 18:44:54,652 - INFO - 
[664/1830]
2026-01-17 18:44:54,652 - INFO - Processing: HENDRICK HOME HEALTH (CCN: 457761)
2026-01-17 18:44:55,154 - INFO - 
[665/1830]
2026-01-17 18:44:55,155 - INFO - Processing: HOME CARE PLUS (CCN: 677296)
2026-01-17 18:44:55,658 - INFO - 
[666/1830]
2026-01-17 18:44:55,658 - INFO - Processing: ALIVE HOME HEALTH CARE (CCN: 747048)
2026-01-17 18:44:56,160 - INFO - 
[667/1830]
2026-01-17 18:44:56,160 - INFO - Processing: CORNERSTONE HOME HEALTH (CCN: 747863)
2026-01-17 18:44:56,664 - INFO - 
[668/1830]
2026-01-17 18:44:56,665 - INFO - Processing: ANGEL HOME HEALTHCARE SERVICES (CCN: 747214)
2026-01-17 18:44:57,167 - INFO - 
[669/1830]
2026-01-17 18:44:57,167 - INFO - Processing: ARMONIA HOME HEALTH CARE AGENCY LLC (CCN: 747647)
2026-01-17 18:44:57,669 - INFO - 
[670/1830]
2026-01-17 18:44:57,669 - INFO - Processing: CALVERT HOME HEALTH CARE LTD (CCN: 677078)
2026-01-17 18:44:58,172 - INFO - 
[671/1830]
2026-01-17 18:44:58,172 - INFO - Processing: ADVANTAGE PLUS HOMECARE (CCN: 747683)
2026-01-17 18:44:58,675 - INFO - 
[673/1830]
2026-01-17 18:44:58,675 - INFO - Processing: POST-HEALTH HOME CARE (CCN: 747517)
2026-01-17 18:44:59,177 - INFO - 
[675/1830]
2026-01-17 18:44:59,178 - INFO - Processing: APEX CARE HOME HEALTH INC (CCN: 747376)
2026-01-17 18:44:59,680 - INFO - 
[676/1830]
2026-01-17 18:44:59,680 - INFO - Processing: VITALCARING GROUP (CCN: 679720)
2026-01-17 18:45:00,183 - INFO - 
[678/1830]
2026-01-17 18:45:00,183 - INFO - Processing: A*MED HOME HEALTH (CCN: 677457)
2026-01-17 18:45:00,685 - INFO - 
[679/1830]
2026-01-17 18:45:00,685 - INFO - Processing: MAGNOLIA HOME HEALTH CARE (CCN: 679287)
2026-01-17 18:45:01,188 - INFO - 
[680/1830]
2026-01-17 18:45:01,188 - INFO - Processing: MISSION CARE HOME HEALTH SERVICES (CCN: 747578)
2026-01-17 18:45:01,721 - INFO - Progress saved: 680/1830
2026-01-17 18:45:01,722 - INFO - 
[681/1830]
2026-01-17 18:45:01,722 - INFO - Processing: THERACARE HOME HEALTH (CCN: 679084)
2026-01-17 18:45:02,224 - INFO - 
[682/1830]
2026-01-17 18:45:02,224 - INFO - Processing: NATIONAL NURSING AND REHAB CORPUS CHRISTI (CCN: 678464)
2026-01-17 18:45:02,727 - INFO - 
[683/1830]
2026-01-17 18:45:02,728 - INFO - Processing: HEAVENLY NURSES HOME HEALTH LLC (CCN: 747424)
2026-01-17 18:45:03,230 - INFO - 
[684/1830]
2026-01-17 18:45:03,230 - INFO - Processing: ADVANCE HOME HEALTH CARE SERVICES (CCN: 677961)
2026-01-17 18:45:03,733 - INFO - 
[685/1830]
2026-01-17 18:45:03,733 - INFO - Processing: COUNTRY HOME HEALTH (CCN: 679469)
2026-01-17 18:45:04,235 - INFO - 
[686/1830]
2026-01-17 18:45:04,235 - INFO - Processing: ARCY HOME HEALTH (CCN: 457809)
2026-01-17 18:45:04,738 - INFO - 
[687/1830]
2026-01-17 18:45:04,738 - INFO - Processing: CARTER HEALTHCARE (CCN: 679724)
2026-01-17 18:45:05,241 - INFO - 
[688/1830]
2026-01-17 18:45:05,241 - INFO - Processing: YOUNG COUNTY HOME HEALTH CARE (CCN: 677065)
2026-01-17 18:45:05,743 - INFO - 
[691/1830]
2026-01-17 18:45:05,743 - INFO - Processing: TRADITIONS HEALTH (CCN: 747768)
2026-01-17 18:45:06,246 - INFO - 
[692/1830]
2026-01-17 18:45:06,246 - INFO - Processing: LEWIS HOME HEALTH CARE INC (CCN: 679546)
2026-01-17 18:45:06,749 - INFO - 
[693/1830]
2026-01-17 18:45:06,749 - INFO - Processing: CAREPLUS HEALTH SERVICES INC (CCN: 747535)
2026-01-17 18:45:07,251 - INFO - 
[694/1830]
2026-01-17 18:45:07,252 - INFO - Processing: CENTERWELL HOME HEALTH (CCN: 679523)
2026-01-17 18:45:07,755 - INFO - 
[695/1830]
2026-01-17 18:45:07,755 - INFO - Processing: WITH OPEN ARMS HEALTHCARE LLC (CCN: 677981)
2026-01-17 18:45:08,257 - INFO - 
[696/1830]
2026-01-17 18:45:08,258 - INFO - Processing: HEALTHWATCH PROFESSIONALS (CCN: 679271)
2026-01-17 18:45:08,760 - INFO - 
[697/1830]
2026-01-17 18:45:08,761 - INFO - Processing: DEPENDABLE HOME CARE INC (CCN: 679381)
2026-01-17 18:45:09,263 - INFO - 
[699/1830]
2026-01-17 18:45:09,264 - INFO - Processing: SUNGLO HOME HEALTH SERVICES INC (CCN: 677238)
2026-01-17 18:45:09,766 - INFO - 
[702/1830]
2026-01-17 18:45:09,766 - INFO - Processing: UNICARE HOME HEALTH SERVICES (CCN: 459429)
2026-01-17 18:45:10,269 - INFO - 
[703/1830]
2026-01-17 18:45:10,269 - INFO - Processing: ALLUMINE HOME HEALTH (CCN: 747725)
2026-01-17 18:45:10,771 - INFO - 
[704/1830]
2026-01-17 18:45:10,772 - INFO - Processing: EAST TEXAS HOME HEALTH (CCN: 678137)
2026-01-17 18:45:11,274 - INFO - 
[707/1830]
2026-01-17 18:45:11,274 - INFO - Processing: TRADITIONS HOME HEALTHCARE (CCN: 747337)
2026-01-17 18:45:11,778 - INFO - 
[709/1830]
2026-01-17 18:45:11,778 - INFO - Processing: HEALTHQUEST (CCN: 679685)
2026-01-17 18:45:12,280 - INFO - 
[710/1830]
2026-01-17 18:45:12,280 - INFO - Processing: PALM VALLEY HEALTH CARE II INC (CCN: 679465)
2026-01-17 18:45:12,783 - INFO - 
[711/1830]
2026-01-17 18:45:12,783 - INFO - Processing: BEYONDFAITH HOMECARE & REHAB OF SAN ANTONIO (CCN: 747518)
2026-01-17 18:45:13,286 - INFO - 
[712/1830]
2026-01-17 18:45:13,286 - INFO - Processing: CHOICE AUSTIN HOMECARE (CCN: 747955)
2026-01-17 18:45:13,789 - INFO - 
[713/1830]
2026-01-17 18:45:13,789 - INFO - Processing: COUNTRY HOME CARE (CCN: 677887)
2026-01-17 18:45:14,291 - INFO - 
[714/1830]
2026-01-17 18:45:14,291 - INFO - Processing: ELARA CARING (CCN: 677455)
2026-01-17 18:45:14,794 - INFO - 
[716/1830]
2026-01-17 18:45:14,795 - INFO - Processing: EXCLUSIVE HOME HEALTH AND HOSPICE, INC (CCN: 458134)
2026-01-17 18:45:15,298 - INFO - 
[717/1830]
2026-01-17 18:45:15,298 - INFO - Processing: CENTERWELL HOME HEALTH (CCN: 677000)
2026-01-17 18:45:15,801 - INFO - 
[718/1830]
2026-01-17 18:45:15,801 - INFO - Processing: PARADIGM HOMECARE (CCN: 747233)
2026-01-17 18:45:16,303 - INFO - 
[719/1830]
2026-01-17 18:45:16,303 - INFO - Processing: APRIL SKYY HOME HEALTH CARE INC (CCN: 747674)
2026-01-17 18:45:16,806 - INFO - 
[721/1830]
2026-01-17 18:45:16,807 - INFO - Processing: CENTERWELL HOME HEALTH (CCN: 457513)
2026-01-17 18:45:17,309 - INFO - 
[723/1830]
2026-01-17 18:45:17,309 - INFO - Processing: REEVES REGIONAL HOME HEALTH & HOSPICE (CCN: 677210)
2026-01-17 18:45:17,812 - INFO - 
[725/1830]
2026-01-17 18:45:17,812 - INFO - Processing: BALLINGER HOME HEALTH, INC. (CCN: 457773)
2026-01-17 18:45:18,315 - INFO - 
[726/1830]
2026-01-17 18:45:18,315 - INFO - Processing: ENHABIT HOME HEALTH (CCN: 459381)
2026-01-17 18:45:18,817 - INFO - 
[727/1830]
2026-01-17 18:45:18,818 - INFO - Processing: 1ST TEXAS HOME HEALTH (CCN: 679027)
2026-01-17 18:45:19,320 - INFO - 
[733/1830]
2026-01-17 18:45:19,320 - INFO - Processing: ELARA CARING (CCN: 679786)
2026-01-17 18:45:19,822 - INFO - 
[734/1830]
2026-01-17 18:45:19,823 - INFO - Processing: CENTERWELL HOME HEALTH (CCN: 457264)
2026-01-17 18:45:20,325 - INFO - 
[736/1830]
2026-01-17 18:45:20,325 - INFO - Processing: VINA HEALTH CARE SERVICES INC (CCN: 747801)
2026-01-17 18:45:20,827 - INFO - 
[738/1830]
2026-01-17 18:45:20,828 - INFO - Processing: BEYOND FAITH HOMECARE & REHAB OF WICHITA FALLS (CCN: 743162)
2026-01-17 18:45:21,330 - INFO - 
[739/1830]
2026-01-17 18:45:21,330 - INFO - Processing: SCARLETT HOME HEALTH CARE, INC (CCN: 748004)
2026-01-17 18:45:21,833 - INFO - 
[740/1830]
2026-01-17 18:45:21,835 - INFO - Processing: TEXAS HOME HEALTH SKILLED SERVICES (CCN: 673133)
2026-01-17 18:45:22,369 - INFO - Progress saved: 740/1830
2026-01-17 18:45:22,369 - INFO - 
[742/1830]
2026-01-17 18:45:22,369 - INFO - Processing: ARBOR TRINITY HOME HEALTH LLC (CCN: 747624)
2026-01-17 18:45:22,871 - INFO - 
[746/1830]
2026-01-17 18:45:22,872 - INFO - Processing: STAT HOME HEALTH HOUSTON BELLAIRE, LLC (CCN: 457537)
2026-01-17 18:45:23,375 - INFO - 
[750/1830]
2026-01-17 18:45:23,375 - INFO - Processing: CITIZENS MEDICAL CENTER HOME HEALTH AGENCY (CCN: 457024)
2026-01-17 18:45:23,877 - INFO - 
[753/1830]
2026-01-17 18:45:23,878 - INFO - Processing: AMITY HEALTH CARE SERVICES (CCN: 747539)
2026-01-17 18:45:24,380 - INFO - 
[754/1830]
2026-01-17 18:45:24,380 - INFO - Processing: INTERIM HEALTHCARE (CCN: 457247)
2026-01-17 18:45:24,883 - INFO - 
[756/1830]
2026-01-17 18:45:24,883 - INFO - Processing: HAPPY AT HOME HEALTHCARE (CCN: 677275)
2026-01-17 18:45:25,386 - INFO - 
[760/1830]
2026-01-17 18:45:25,386 - INFO - Processing: BIO HOME HEALTH SERVICES INC (CCN: 677866)
2026-01-17 18:45:25,924 - INFO - Progress saved: 760/1830
2026-01-17 18:45:25,924 - INFO - 
[764/1830]
2026-01-17 18:45:25,924 - INFO - Processing: HARMONYCARES HOME HEALTH (CCN: 678318)
2026-01-17 18:45:26,427 - INFO - 
[769/1830]
2026-01-17 18:45:26,427 - INFO - Processing: CENTERWELL HOME HEALTH (CCN: 677193)
2026-01-17 18:45:26,931 - INFO - 
[774/1830]
2026-01-17 18:45:26,931 - INFO - Processing: C C HOME HEALTH CENTRAL INC (CCN: 458129)
2026-01-17 18:45:27,434 - INFO - 
[780/1830]
2026-01-17 18:45:27,434 - INFO - Processing: GUARDIAN HEALTHCARE (CCN: 678166)
2026-01-17 18:45:27,970 - INFO - Progress saved: 780/1830
2026-01-17 18:45:27,971 - INFO - 
[781/1830]
2026-01-17 18:45:27,971 - INFO - Processing: STANDARD REGIONAL HOME HEALTH INC (CCN: 457506)
2026-01-17 18:45:28,473 - INFO - 
[782/1830]
2026-01-17 18:45:28,474 - INFO - Processing: PDR HOME HEALTH SERVICES (CCN: 459422)
2026-01-17 18:45:28,977 - INFO - 
[784/1830]
2026-01-17 18:45:28,977 - INFO - Processing: ELITE HOME HEALTH (CCN: 457503)
2026-01-17 18:45:29,480 - INFO - 
[786/1830]
2026-01-17 18:45:29,480 - INFO - Processing: ASSURED CARE HEALTH SERVICES LLC (CCN: 679073)
2026-01-17 18:45:29,983 - INFO - 
[789/1830]
2026-01-17 18:45:29,983 - INFO - Processing: SALUD HEALTH CARE SERVICES INC (CCN: 747643)
2026-01-17 18:45:30,485 - INFO - 
[793/1830]
2026-01-17 18:45:30,486 - INFO - Processing: CENTERWELL HOME HEALTH (CCN: 747259)
2026-01-17 18:45:30,988 - INFO - 
[796/1830]
2026-01-17 18:45:30,989 - INFO - Processing: GUARDIAN ANGEL HOME HEALTHCARE SERVICES (CCN: 677523)
2026-01-17 18:45:31,491 - INFO - 
[804/1830]
2026-01-17 18:45:31,491 - INFO - Processing: TOMBALL REGIONAL HOME HEALTH (CCN: 458148)
2026-01-17 18:45:31,995 - INFO - 
[806/1830]
2026-01-17 18:45:31,995 - INFO - Processing: ALGEN HEALTH, LLC (CCN: 679648)
2026-01-17 18:45:32,498 - INFO - 
[807/1830]
2026-01-17 18:45:32,498 - INFO - Processing: CAREWORKS HOME HEALTH SERVICES INC (CCN: 678363)
2026-01-17 18:45:33,001 - INFO - 
[809/1830]
2026-01-17 18:45:33,002 - INFO - Processing: ENHABIT HOME HEALTH (CCN: 678324)
2026-01-17 18:45:33,504 - INFO - 
[816/1830]
2026-01-17 18:45:33,504 - INFO - Processing: CARE PLUS HOME HEALTH (CCN: 677428)
2026-01-17 18:45:34,008 - INFO - 
[817/1830]
2026-01-17 18:45:34,008 - INFO - Processing: CENTERWELL HOME HEALTH (CCN: 457222)
2026-01-17 18:45:34,511 - INFO - 
[818/1830]
2026-01-17 18:45:34,511 - INFO - Processing: IPH HOME HEALTH CARE (CCN: 458399)
2026-01-17 18:45:35,014 - INFO - 
[820/1830]
2026-01-17 18:45:35,014 - INFO - Processing: CALVERT HOME HEALTH CARE, LTD (CCN: 457514)
2026-01-17 18:45:35,559 - INFO - Progress saved: 820/1830
2026-01-17 18:45:35,559 - INFO - 
[825/1830]
2026-01-17 18:45:35,559 - INFO - Processing: HCP INC (CCN: 677834)
2026-01-17 18:45:36,062 - INFO - 
[827/1830]
2026-01-17 18:45:36,062 - INFO - Processing: DOR ANS HOME HEALTH SERVICE INC (CCN: 677620)
2026-01-17 18:45:36,565 - INFO - 
[847/1830]
2026-01-17 18:45:36,566 - INFO - Processing: NURSING SERVICES AND CONSULTANTS OF LAREDO (CCN: 677735)
2026-01-17 18:45:37,069 - INFO - 
[849/1830]
2026-01-17 18:45:37,069 - INFO - Processing: TRINITY MISSION HEALTHCARE (CCN: 748033)
2026-01-17 18:45:37,573 - INFO - 
[851/1830]
2026-01-17 18:45:37,573 - INFO - Processing: HEAVENLY HEALING HOME HEALTH LLC (CCN: 747967)
2026-01-17 18:45:38,076 - INFO - 
[855/1830]
2026-01-17 18:45:38,076 - INFO - Processing: CUIDADO CASERO HOME HEALTH & HOSPICE (CCN: 678229)
2026-01-17 18:45:38,579 - INFO - 
[856/1830]
2026-01-17 18:45:38,579 - INFO - Processing: TRINITY HOMECARE (CCN: 678332)
2026-01-17 18:45:39,082 - INFO - 
[858/1830]
2026-01-17 18:45:39,082 - INFO - Processing: JONSAN HOME HEALTH INCORPORATED (CCN: 747983)
2026-01-17 18:45:39,585 - INFO - 
[859/1830]
2026-01-17 18:45:39,585 - INFO - Processing: FRONTIER HOME HEALTH (CCN: 458125)
2026-01-17 18:45:40,088 - INFO - 
[860/1830]
2026-01-17 18:45:40,088 - INFO - Processing: CENTERWELL HOME HEALTH (CCN: 457095)
2026-01-17 18:45:40,637 - INFO - Progress saved: 860/1830
2026-01-17 18:45:40,637 - INFO - 
[861/1830]
2026-01-17 18:45:40,637 - INFO - Processing: CEDAR LAKE HOME HEALTH AND HOSPICE (CCN: 457582)
2026-01-17 18:45:41,141 - INFO - 
[863/1830]
2026-01-17 18:45:41,141 - INFO - Processing: FAIRMONT HOME HEALTH (CCN: 747984)
2026-01-17 18:45:41,645 - INFO - 
[869/1830]
2026-01-17 18:45:41,645 - INFO - Processing: SUPERIOR CARE HOME HEALTH SERVICES LLC (CCN: 747450)
2026-01-17 18:45:42,148 - INFO - 
[870/1830]
2026-01-17 18:45:42,148 - INFO - Processing: AGING GRACEFULLY HOME HEALTH (CCN: 748043)
2026-01-17 18:45:42,652 - INFO - 
[873/1830]
2026-01-17 18:45:42,652 - INFO - Processing: CASA LINDA HOMECARE INC (CCN: 458441)
2026-01-17 18:45:43,155 - INFO - 
[876/1830]
2026-01-17 18:45:43,162 - INFO - Processing: ROADRUNNER HOMECARE (CCN: 457567)
2026-01-17 18:45:43,665 - INFO - 
[878/1830]
2026-01-17 18:45:43,665 - INFO - Processing: COGDELL HOME HEALTH AND HOSPICE (CCN: 457656)
2026-01-17 18:45:44,168 - INFO - 
[879/1830]
2026-01-17 18:45:44,168 - INFO - Processing: SOAR HOME CARE LLC (CCN: 748007)
2026-01-17 18:45:44,671 - INFO - 
[881/1830]
2026-01-17 18:45:44,672 - INFO - Processing: CUERO HOME HEALTH INC (CCN: 457696)
2026-01-17 18:45:45,175 - INFO - 
[882/1830]
2026-01-17 18:45:45,175 - INFO - Processing: CENTERWELL HOME HEALTH (CCN: 457210)
2026-01-17 18:45:45,678 - INFO - 
[887/1830]
2026-01-17 18:45:45,679 - INFO - Processing: TENDER HEART HOME HEALTH LLC (CCN: 459213)
2026-01-17 18:45:46,182 - INFO - 
[891/1830]
2026-01-17 18:45:46,183 - INFO - Processing: APEX HOMEHEALTH SERVICES INC (CCN: 748016)
2026-01-17 18:45:46,685 - INFO - 
[893/1830]
2026-01-17 18:45:46,686 - INFO - Processing: UMC HOME HEALTH AND HOSPICE, AN AMEDISYS PARTNER (CCN: 748008)
2026-01-17 18:45:47,188 - INFO - 
[896/1830]
2026-01-17 18:45:47,189 - INFO - Processing: FAMILY HOME HEALTH SERVICES (CCN: 458294)
2026-01-17 18:45:47,691 - INFO - 
[899/1830]
2026-01-17 18:45:47,692 - INFO - Processing: SEYMOUR HOSPITAL HOME HEALTH (CCN: 458006)
2026-01-17 18:45:48,195 - INFO - 
[901/1830]
2026-01-17 18:45:48,196 - INFO - Processing: CHANGING SEASONS HOME HEALTH (CCN: 459038)
2026-01-17 18:45:48,699 - INFO - 
[903/1830]
2026-01-17 18:45:48,700 - INFO - Processing: ELECTRA MEMORIAL HOSPITAL HOME HEALTH SERVICES (CCN: 677142)
2026-01-17 18:45:49,203 - INFO - 
[906/1830]
2026-01-17 18:45:49,203 - INFO - Processing: DELTACARE HOME HEALTH SERVICES LLC (CCN: 453195)
2026-01-17 18:45:49,707 - INFO - 
[907/1830]
2026-01-17 18:45:49,707 - INFO - Processing: REGIONAL NURSING SERVICES MGMT., INC. (CCN: 747446)
2026-01-17 18:45:50,210 - INFO - 
[909/1830]
2026-01-17 18:45:50,211 - INFO - Processing: BIENVENIDOS HOME HEALTH CARE LLC (CCN: 679737)
2026-01-17 18:45:50,714 - INFO - 
[910/1830]
2026-01-17 18:45:50,714 - INFO - Processing: UNIVERSAL HEALTH SERVICES (CCN: 458238)
2026-01-17 18:45:51,217 - INFO - 
[911/1830]
2026-01-17 18:45:51,218 - INFO - Processing: INNOVATIVE HEALTH SERVICES INC (CCN: 677914)
2026-01-17 18:45:51,721 - INFO - 
[916/1830]
2026-01-17 18:45:51,721 - INFO - Processing: LIFE TOUCH HOME HEALTH SERVICES LLC (CCN: 747248)
2026-01-17 18:45:52,225 - INFO - 
[918/1830]
2026-01-17 18:45:52,226 - INFO - Processing: REJOICE HEALTH LLC (CCN: 747637)
2026-01-17 18:45:52,729 - INFO - 
[919/1830]
2026-01-17 18:45:52,729 - INFO - Processing: ALTIMA HOME HEALTH AGENCY, INC (CCN: 459049)
2026-01-17 18:45:53,232 - INFO - 
[920/1830]
2026-01-17 18:45:53,233 - INFO - Processing: GOLD STAR CARE HOME HEALTH LLC (CCN: 677897)
2026-01-17 18:45:53,788 - INFO - Progress saved: 920/1830
2026-01-17 18:45:53,788 - INFO - 
[922/1830]
2026-01-17 18:45:53,788 - INFO - Processing: UNITY HOMECARE (CCN: 453174)
2026-01-17 18:45:54,292 - INFO - 
[923/1830]
2026-01-17 18:45:54,292 - INFO - Processing: BREMA HEALTHCARE INC (CCN: 747205)
2026-01-17 18:45:54,795 - INFO - 
[924/1830]
2026-01-17 18:45:54,796 - INFO - Processing: ALL SEASONS HOME HEALTH & PALLIATIVE CARE (CCN: 747821)
2026-01-17 18:45:55,299 - INFO - 
[925/1830]
2026-01-17 18:45:55,299 - INFO - Processing: CAPROCK HOME HEALTH SERVICES INC (CCN: 457548)
2026-01-17 18:45:55,802 - INFO - 
[927/1830]
2026-01-17 18:45:55,802 - INFO - Processing: HEALTH CARE UNLIMITED, INC. (CCN: 677285)
2026-01-17 18:45:56,305 - INFO - 
[928/1830]
2026-01-17 18:45:56,306 - INFO - Processing: NURSES HEALTHCARE INC (CCN: 679575)
2026-01-17 18:45:56,809 - INFO - 
[930/1830]
2026-01-17 18:45:56,809 - INFO - Processing: CAMILLIANS HOME HEALTH SERVICES LLC (CCN: 747820)
2026-01-17 18:45:57,312 - INFO - 
[931/1830]
2026-01-17 18:45:57,312 - INFO - Processing: CENTERWELL HOME HEALTH (CCN: 453188)
2026-01-17 18:45:57,816 - INFO - 
[932/1830]
2026-01-17 18:45:57,816 - INFO - Processing: NOAH'S ARK HOME HEALTHCARE INC (CCN: 747620)
2026-01-17 18:45:58,320 - INFO - 
[936/1830]
2026-01-17 18:45:58,320 - INFO - Processing: PINNACLE HOME HEALTH CARE SERVICES (CCN: 677839)
2026-01-17 18:45:58,824 - INFO - 
[937/1830]
2026-01-17 18:45:58,824 - INFO - Processing: LIFE HOME HEALTH CARE INC (CCN: 747136)
2026-01-17 18:45:59,328 - INFO - 
[940/1830]
2026-01-17 18:45:59,328 - INFO - Processing: NEW LIFE HOME HEALTH SERVICES (CCN: 453185)
2026-01-17 18:45:59,883 - INFO - Progress saved: 940/1830
2026-01-17 18:45:59,883 - INFO - 
[941/1830]
2026-01-17 18:45:59,884 - INFO - Processing: APPLIED HOME HEALTH (CCN: 459233)
2026-01-17 18:46:00,386 - INFO - 
[942/1830]
2026-01-17 18:46:00,387 - INFO - Processing: BLUEBONNET HOME HEALTH & HOSPICE COMPANY (CCN: 677617)
2026-01-17 18:46:00,890 - INFO - 
[944/1830]
2026-01-17 18:46:00,890 - INFO - Processing: UNITED HOME HEALTH (CCN: 679506)
2026-01-17 18:46:01,393 - INFO - 
[945/1830]
2026-01-17 18:46:01,393 - INFO - Processing: DEL ALMA HOME HEALTH LLC (CCN: 747852)
2026-01-17 18:46:01,897 - INFO - 
[946/1830]
2026-01-17 18:46:01,897 - INFO - Processing: PORT HOMECARE SERVICES INC (CCN: 459268)
2026-01-17 18:46:02,402 - INFO - 
[947/1830]
2026-01-17 18:46:02,402 - INFO - Processing: COMMITTED HOME HEALTH CARE INC (CCN: 677809)
2026-01-17 18:46:02,905 - INFO - 
[948/1830]
2026-01-17 18:46:02,905 - INFO - Processing: BIENESTAR HOME HEALTH SERVICES (CCN: 457960)
2026-01-17 18:46:03,410 - INFO - 
[949/1830]
2026-01-17 18:46:03,411 - INFO - Processing: HTH HOLY TRINITY HEALTHCARE INC (CCN: 677990)
2026-01-17 18:46:03,914 - INFO - 
[950/1830]
2026-01-17 18:46:03,914 - INFO - Processing: NEWWAY HEALTHCARE SERVICES INC (CCN: 747562)
2026-01-17 18:46:04,418 - INFO - 
[951/1830]
2026-01-17 18:46:04,418 - INFO - Processing: ALTOMAR HOME HEALTH CARE INC (CCN: 459478)
2026-01-17 18:46:04,922 - INFO - 
[952/1830]
2026-01-17 18:46:04,922 - INFO - Processing: HAVEN HEALTHCARE SYSTEMS INC (CCN: 679178)
2026-01-17 18:46:05,426 - INFO - 
[953/1830]
2026-01-17 18:46:05,426 - INFO - Processing: M & M ADVANCED HEALTHCARE INC (CCN: 679785)
2026-01-17 18:46:05,930 - INFO - 
[954/1830]
2026-01-17 18:46:05,931 - INFO - Processing: DIVINE HOME HEALTH CARE (CCN: 673172)
2026-01-17 18:46:06,436 - INFO - 
[955/1830]
2026-01-17 18:46:06,436 - INFO - Processing: EMRICK HOME HEALTH (CCN: 743125)
2026-01-17 18:46:06,941 - INFO - 
[956/1830]
2026-01-17 18:46:06,942 - INFO - Processing: DNA HOME HEALTH SERVICES LLC (CCN: 747294)
2026-01-17 18:46:07,445 - INFO - 
[957/1830]
2026-01-17 18:46:07,445 - INFO - Processing: ABOUNDING HOME HEALTH CARE INC (CCN: 747474)
2026-01-17 18:46:07,948 - INFO - 
[958/1830]
2026-01-17 18:46:07,949 - INFO - Processing: IPH HOME HEALTH CARE INC (CCN: 458032)
2026-01-17 18:46:08,453 - INFO - 
[960/1830]
2026-01-17 18:46:08,453 - INFO - Processing: ACARA (CCN: 453108)
2026-01-17 18:46:09,020 - INFO - Progress saved: 960/1830
2026-01-17 18:46:09,021 - INFO - 
[961/1830]
2026-01-17 18:46:09,021 - INFO - Processing: CONNALLY MEMORIAL HOME HEALTH (CCN: 458056)
2026-01-17 18:46:09,525 - INFO - 
[962/1830]
2026-01-17 18:46:09,525 - INFO - Processing: CORDIAL CARE HOME HEALTH SERVICES INC (CCN: 747747)
2026-01-17 18:46:10,029 - INFO - 
[963/1830]
2026-01-17 18:46:10,029 - INFO - Processing: MERIDIAN HCS, LLC. (CCN: 457959)
2026-01-17 18:46:10,533 - INFO - 
[964/1830]
2026-01-17 18:46:10,533 - INFO - Processing: VITAL HEALTHCARE LLC (CCN: 679595)
2026-01-17 18:46:11,037 - INFO - 
[965/1830]
2026-01-17 18:46:11,037 - INFO - Processing: FRIENDSHIP HOME HEALTH AGENCY (CCN: 679605)
2026-01-17 18:46:11,541 - INFO - 
[966/1830]
2026-01-17 18:46:11,542 - INFO - Processing: GOLDEN CARE HOME HEALTH, LLC (CCN: 748044)
2026-01-17 18:46:12,045 - INFO - 
[967/1830]
2026-01-17 18:46:12,045 - INFO - Processing: NURSES CARE HOME SERVICES (CCN: 457894)
2026-01-17 18:46:12,550 - INFO - 
[968/1830]
2026-01-17 18:46:12,550 - INFO - Processing: DANIELLA HOME HEALTH SERVICES INC (CCN: 747612)
2026-01-17 18:46:13,054 - INFO - 
[970/1830]
2026-01-17 18:46:13,054 - INFO - Processing: REVIVE HOME CARE INC (CCN: 677916)
2026-01-17 18:46:13,558 - INFO - 
[971/1830]
2026-01-17 18:46:13,558 - INFO - Processing: MAR DEL HOME HEALTH LLC (CCN: 747608)
2026-01-17 18:46:14,062 - INFO - 
[972/1830]
2026-01-17 18:46:14,062 - INFO - Processing: SANTA RITA HOME HEALTH SERVICES (CCN: 459303)
2026-01-17 18:46:14,566 - INFO - 
[973/1830]
2026-01-17 18:46:14,566 - INFO - Processing: AMISTAD HOME HEALTH INC (CCN: 679491)
2026-01-17 18:46:15,070 - INFO - 
[974/1830]
2026-01-17 18:46:15,070 - INFO - Processing: KOREAN HOME HEALTH (CCN: 747139)
2026-01-17 18:46:15,574 - INFO - 
[975/1830]
2026-01-17 18:46:15,574 - INFO - Processing: APC HOME HEALTH SERVICES (CCN: 457193)
2026-01-17 18:46:16,077 - INFO - 
[976/1830]
2026-01-17 18:46:16,078 - INFO - Processing: NOVEL HOME HEALTHCARE AGENCY (CCN: 459465)
2026-01-17 18:46:16,581 - INFO - 
[977/1830]
2026-01-17 18:46:16,581 - INFO - Processing: NOCONA GENERAL HOSPITAL HOME AND COMMUNITY SUPPORT (CCN: 677291)
2026-01-17 18:46:17,086 - INFO - 
[978/1830]
2026-01-17 18:46:17,086 - INFO - Processing: SERENITY HOME CARE (CCN: 747918)
2026-01-17 18:46:17,589 - INFO - 
[979/1830]
2026-01-17 18:46:17,589 - INFO - Processing: SAENZ HOME HEALTH SERVICES INC (CCN: 677910)
2026-01-17 18:46:18,093 - INFO - 
[980/1830]
2026-01-17 18:46:18,093 - INFO - Processing: WIMBERLEY HOME HEALTH (CCN: 678174)
2026-01-17 18:46:18,652 - INFO - Progress saved: 980/1830
2026-01-17 18:46:18,653 - INFO - 
[981/1830]
2026-01-17 18:46:18,653 - INFO - Processing: CASSEL HEALTH SERVICES (CCN: 679085)
2026-01-17 18:46:19,157 - INFO - 
[982/1830]
2026-01-17 18:46:19,157 - INFO - Processing: MAXCARE HOME HEALTH SERVICES INC (CCN: 679093)
2026-01-17 18:46:19,661 - INFO - 
[983/1830]
2026-01-17 18:46:19,661 - INFO - Processing: CENTRAL HOME HEALTH SERVICES OF TEXAS LLC (CCN: 677668)
2026-01-17 18:46:20,165 - INFO - 
[984/1830]
2026-01-17 18:46:20,165 - INFO - Processing: DREAM CARE LLC (CCN: 679503)
2026-01-17 18:46:20,669 - INFO - 
[985/1830]
2026-01-17 18:46:20,669 - INFO - Processing: ABBA GENTLE HEALTHCARE LLC (CCN: 747580)
2026-01-17 18:46:21,172 - INFO - 
[986/1830]
2026-01-17 18:46:21,172 - INFO - Processing: RESERVED HOME HEALTH CARE LLC (CCN: 747730)
2026-01-17 18:46:21,675 - INFO - 
[987/1830]
2026-01-17 18:46:21,676 - INFO - Processing: TRICARE HOME HEALTH SERVICES INC (CCN: 678422)
2026-01-17 18:46:22,179 - INFO - 
[988/1830]
2026-01-17 18:46:22,180 - INFO - Processing: LAURENT HOME HEALTH (CCN: 747367)
2026-01-17 18:46:22,684 - INFO - 
[989/1830]
2026-01-17 18:46:22,684 - INFO - Processing: CORAZON HOMECARE INC (CCN: 673112)
2026-01-17 18:46:23,188 - INFO - 
[990/1830]
2026-01-17 18:46:23,188 - INFO - Processing: 1ST GENTLECARE HOME HEALTH LLC (CCN: 679542)
2026-01-17 18:46:23,691 - INFO - 
[991/1830]
2026-01-17 18:46:23,691 - INFO - Processing: PRIME CARE HOME HEALTH INC (CCN: 677954)
2026-01-17 18:46:24,195 - INFO - 
[992/1830]
2026-01-17 18:46:24,195 - INFO - Processing: SOUTH WEST TEXAS HOME HEALTH INC (CCN: 679081)
2026-01-17 18:46:24,698 - INFO - 
[993/1830]
2026-01-17 18:46:24,699 - INFO - Processing: HEALING EXPERTS HOME HEALTH LLC (CCN: 747374)
2026-01-17 18:46:25,203 - INFO - 
[994/1830]
2026-01-17 18:46:25,203 - INFO - Processing: JACKSON COUNTY HOME HEALTH (CCN: 677103)
2026-01-17 18:46:25,707 - INFO - 
[995/1830]
2026-01-17 18:46:25,707 - INFO - Processing: VITALCARING GROUP (CCN: 677209)
2026-01-17 18:46:26,211 - INFO - 
[996/1830]
2026-01-17 18:46:26,211 - INFO - Processing: SHINING STAR HOME HEALTH CARE INC. (CCN: 677894)
2026-01-17 18:46:26,715 - INFO - 
[997/1830]
2026-01-17 18:46:26,715 - INFO - Processing: CHOICE HOMECARE (CCN: 679007)
2026-01-17 18:46:27,220 - INFO - 
[998/1830]
2026-01-17 18:46:27,222 - INFO - Processing: HOME CARE OPTIONS (CCN: 747036)
2026-01-17 18:46:27,726 - INFO - 
[999/1830]
2026-01-17 18:46:27,726 - INFO - Processing: CARINGBRIDGE HOME HEALTH CARE LLC (CCN: 747493)
2026-01-17 18:46:28,230 - INFO - 
[1000/1830]
2026-01-17 18:46:28,230 - INFO - Processing: ACTIVE CARE HOME HEALTH INC (CCN: 679083)
2026-01-17 18:46:28,791 - INFO - Progress saved: 1000/1830
2026-01-17 18:46:28,791 - INFO - 
[1001/1830]
2026-01-17 18:46:28,791 - INFO - Processing: LAMINA HOME CARE LLC (CCN: 679415)
2026-01-17 18:46:29,295 - INFO - 
[1002/1830]
2026-01-17 18:46:29,296 - INFO - Processing: SUPERIOR HOME HEALTH OF SAN ANTONIO LLC (CCN: 679504)
2026-01-17 18:46:29,799 - INFO - 
[1003/1830]
2026-01-17 18:46:29,800 - INFO - Processing: BATHFOL HEALTH SERVICES INC (CCN: 679798)
2026-01-17 18:46:30,303 - INFO - 
[1004/1830]
2026-01-17 18:46:30,304 - INFO - Processing: JOL HEALTHCARE (CCN: 747913)
2026-01-17 18:46:30,808 - INFO - 
[1005/1830]
2026-01-17 18:46:30,808 - INFO - Processing: EXTRACARE HOME HEALTH SERVICES (CCN: 677953)
2026-01-17 18:46:31,312 - INFO - 
[1006/1830]
2026-01-17 18:46:31,312 - INFO - Processing: HARMONYCARES HOME HEALTH (CCN: 747021)
2026-01-17 18:46:31,816 - INFO - 
[1007/1830]
2026-01-17 18:46:31,816 - INFO - Processing: AMITA HOMECARE (CCN: 747662)
2026-01-17 18:46:32,320 - INFO - 
[1008/1830]
2026-01-17 18:46:32,320 - INFO - Processing: BEACON HOME HEALTH AGENCY LLC (CCN: 457950)
2026-01-17 18:46:32,824 - INFO - 
[1009/1830]
2026-01-17 18:46:32,825 - INFO - Processing: AMERICAN MEDICAL HOME HEALTH SERVICES - SAN ANTONIO LLC (CCN: 457907)
2026-01-17 18:46:33,329 - INFO - 
[1010/1830]
2026-01-17 18:46:33,330 - INFO - Processing: AVATAR HEALTHCARE (CCN: 747780)
2026-01-17 18:46:33,834 - INFO - 
[1011/1830]
2026-01-17 18:46:33,834 - INFO - Processing: A DOSE OF CARE HOME HEALTH INC (CCN: 747939)
2026-01-17 18:46:34,338 - INFO - 
[1012/1830]
2026-01-17 18:46:34,339 - INFO - Processing: TEXAS RESIDENTIAL HEALTHCARE SERVICES (CCN: 747952)
2026-01-17 18:46:34,842 - INFO - 
[1013/1830]
2026-01-17 18:46:34,843 - INFO - Processing: OUR ANGEL HOME HEALTH (CCN: 679470)
2026-01-17 18:46:35,346 - INFO - 
[1014/1830]
2026-01-17 18:46:35,347 - INFO - Processing: ROYALTY CARE HOME HEALTH SERVICES INC (CCN: 747022)
2026-01-17 18:46:35,850 - INFO - 
[1015/1830]
2026-01-17 18:46:35,851 - INFO - Processing: CHOICE HOMECARE OF THE PINES (CCN: 458452)
2026-01-17 18:46:36,355 - INFO - 
[1016/1830]
2026-01-17 18:46:36,355 - INFO - Processing: MERIT HOME HEALTHCARE INC (CCN: 747358)
2026-01-17 18:46:36,859 - INFO - 
[1017/1830]
2026-01-17 18:46:36,859 - INFO - Processing: LAS PALMAS HEALTH SERVICES (CCN: 679707)
2026-01-17 18:46:37,364 - INFO - 
[1018/1830]
2026-01-17 18:46:37,364 - INFO - Processing: A-1 PHOENIX HEALTHCARE, LLC (CCN: 747572)
2026-01-17 18:46:37,868 - INFO - 
[1019/1830]
2026-01-17 18:46:37,868 - INFO - Processing: ADVANTAGECARE HOME HEALTH INC (CCN: 679741)
2026-01-17 18:46:38,372 - INFO - 
[1020/1830]
2026-01-17 18:46:38,372 - INFO - Processing: PERPETUAL HOME HEALTH LLC (CCN: 747119)
2026-01-17 18:46:38,932 - INFO - Progress saved: 1020/1830
2026-01-17 18:46:38,932 - INFO - 
[1021/1830]
2026-01-17 18:46:38,932 - INFO - Processing: DIGNITY HOME HEALTH (CCN: 747912)
2026-01-17 18:46:39,437 - INFO - 
[1022/1830]
2026-01-17 18:46:39,437 - INFO - Processing: TENDER HOME HEALTH CARE INC (CCN: 459088)
2026-01-17 18:46:39,942 - INFO - 
[1023/1830]
2026-01-17 18:46:39,943 - INFO - Processing: ST MARTIN HEALTHCARE SERVICES LLC (CCN: 747044)
2026-01-17 18:46:40,449 - INFO - 
[1024/1830]
2026-01-17 18:46:40,449 - INFO - Processing: BEYONDFAITH HOMECARE & REHAB OF FT. WORTH (CCN: 747521)
2026-01-17 18:46:40,954 - INFO - 
[1025/1830]
2026-01-17 18:46:40,954 - INFO - Processing: FIRST CHOICE HOME HEALTH CARE LLC (CCN: 678475)
2026-01-17 18:46:41,458 - INFO - 
[1026/1830]
2026-01-17 18:46:41,459 - INFO - Processing: DAVIS HOME HEALTH LLC (CCN: 679664)
2026-01-17 18:46:41,964 - INFO - 
[1027/1830]
2026-01-17 18:46:41,965 - INFO - Processing: CATALYST HEALTH SERVICES INC. (CCN: 457896)
2026-01-17 18:46:42,469 - INFO - 
[1028/1830]
2026-01-17 18:46:42,469 - INFO - Processing: ALL CARE HOME HEALTH (CCN: 747989)
2026-01-17 18:46:42,973 - INFO - 
[1029/1830]
2026-01-17 18:46:42,974 - INFO - Processing: ALL COUNTY HOME HEALTH AND HOSPICE (CCN: 743120)
2026-01-17 18:46:43,478 - INFO - 
[1030/1830]
2026-01-17 18:46:43,478 - INFO - Processing: RESIDENTIAL HOME HEALTH SERVICES LLC (CCN: 747249)
2026-01-17 18:46:43,983 - INFO - 
[1031/1830]
2026-01-17 18:46:43,983 - INFO - Processing: CHOSEN HOME HEALTH SERVICE INC (CCN: 747717)
2026-01-17 18:46:44,487 - INFO - 
[1032/1830]
2026-01-17 18:46:44,487 - INFO - Processing: A HEALING TOUCH HOME HEALTH (CCN: 457890)
2026-01-17 18:46:44,991 - INFO - 
[1033/1830]
2026-01-17 18:46:44,991 - INFO - Processing: AMERICAN STAR HOME HEALTH & HOSPICE CARE INC (CCN: 747506)
2026-01-17 18:46:45,495 - INFO - 
[1034/1830]
2026-01-17 18:46:45,495 - INFO - Processing: HEALTH AT HOME (CCN: 747828)
2026-01-17 18:46:45,999 - INFO - 
[1035/1830]
2026-01-17 18:46:45,999 - INFO - Processing: NURSING FROM THE HEART HOME CARE INC (CCN: 459047)
2026-01-17 18:46:46,504 - INFO - 
[1036/1830]
2026-01-17 18:46:46,505 - INFO - Processing: IMS HOME HEALTH & HOSPICE CARE, INC (CCN: 678299)
2026-01-17 18:46:47,009 - INFO - 
[1037/1830]
2026-01-17 18:46:47,009 - INFO - Processing: HEALTH MASTERS HOMECARE INC (CCN: 679041)
2026-01-17 18:46:47,514 - INFO - 
[1038/1830]
2026-01-17 18:46:47,514 - INFO - Processing: TTI HOME HEALTH CARE (CCN: 679764)
2026-01-17 18:46:48,018 - INFO - 
[1039/1830]
2026-01-17 18:46:48,019 - INFO - Processing: SAGRADO HOMECARE (CCN: 747342)
2026-01-17 18:46:48,523 - INFO - 
[1040/1830]
2026-01-17 18:46:48,524 - INFO - Processing: VICTORIA HOME HEALTH CARE (CCN: 747427)
2026-01-17 18:46:49,087 - INFO - Progress saved: 1040/1830
2026-01-17 18:46:49,088 - INFO - 
[1041/1830]
2026-01-17 18:46:49,088 - INFO - Processing: CON ENCANTO HEALTHCARE LLC (CCN: 747802)
2026-01-17 18:46:49,591 - INFO - 
[1042/1830]
2026-01-17 18:46:49,592 - INFO - Processing: WELLNESS HEALTHCARE INC (CCN: 747216)
2026-01-17 18:46:50,095 - INFO - 
[1043/1830]
2026-01-17 18:46:50,096 - INFO - Processing: AMERICARE NURSING SERVICES, P.L.L.C. (CCN: 458302)
2026-01-17 18:46:50,599 - INFO - 
[1044/1830]
2026-01-17 18:46:50,600 - INFO - Processing: ALIGN HOME HEALTH LLC (CCN: 747958)
2026-01-17 18:46:51,104 - INFO - 
[1045/1830]
2026-01-17 18:46:51,104 - INFO - Processing: CAPROCK HOME HEALTH SERVICES INC (CCN: 457383)
2026-01-17 18:46:51,608 - INFO - 
[1046/1830]
2026-01-17 18:46:51,609 - INFO - Processing: ASPIRA HOME HEALTH (CCN: 747473)
2026-01-17 18:46:52,113 - INFO - 
[1047/1830]
2026-01-17 18:46:52,113 - INFO - Processing: SUNGLO HOME HEALTH SERVICES INC (CCN: 677734)
2026-01-17 18:46:52,617 - INFO - 
[1048/1830]
2026-01-17 18:46:52,618 - INFO - Processing: PTL HEALTH CARE, INC (CCN: 677859)
2026-01-17 18:46:53,122 - INFO - 
[1049/1830]
2026-01-17 18:46:53,122 - INFO - Processing: SJC HOME HEALTH CARE INC (CCN: 747103)
2026-01-17 18:46:53,626 - INFO - 
[1050/1830]
2026-01-17 18:46:53,627 - INFO - Processing: LIFELINE HEALTHCARE SERVICES, INC (CCN: 457804)
2026-01-17 18:46:54,131 - INFO - 
[1051/1830]
2026-01-17 18:46:54,132 - INFO - Processing: MEMORIAL HOSPITAL HOME HEALTH AGENCY (CCN: 457634)
2026-01-17 18:46:54,636 - INFO - 
[1052/1830]
2026-01-17 18:46:54,636 - INFO - Processing: ALLIED HOME HEALTH CARE SERVICES, INC. (CCN: 679273)
2026-01-17 18:46:55,140 - INFO - 
[1053/1830]
2026-01-17 18:46:55,140 - INFO - Processing: NEW GLORIOUS HOME HEALTH INC. (CCN: 747431)
2026-01-17 18:46:55,645 - INFO - 
[1054/1830]
2026-01-17 18:46:55,645 - INFO - Processing: US HOME HEALTH CARE INC (CCN: 679473)
2026-01-17 18:46:56,150 - INFO - 
[1055/1830]
2026-01-17 18:46:56,150 - INFO - Processing: AYUDA HOME HEALTH CARE SERVICES LLC (CCN: 747047)
2026-01-17 18:46:56,656 - INFO - 
[1056/1830]
2026-01-17 18:46:56,656 - INFO - Processing: HOME HEALTH CARE NETWORK (CCN: 458380)
2026-01-17 18:46:57,160 - INFO - 
[1057/1830]
2026-01-17 18:46:57,160 - INFO - Processing: TIMELY CARE HOME HEALTH (CCN: 679789)
2026-01-17 18:46:57,664 - INFO - 
[1058/1830]
2026-01-17 18:46:57,664 - INFO - Processing: HOME HEALTH SPECIALISTS (CCN: 747738)
2026-01-17 18:46:58,168 - INFO - 
[1059/1830]
2026-01-17 18:46:58,168 - INFO - Processing: MATRIX HOME HEALTH SERVICES (CCN: 679217)
2026-01-17 18:46:58,672 - INFO - 
[1060/1830]
2026-01-17 18:46:58,672 - INFO - Processing: STATES HEALTH, INC. (CCN: 453132)
2026-01-17 18:46:59,231 - INFO - Progress saved: 1060/1830
2026-01-17 18:46:59,231 - INFO - 
[1061/1830]
2026-01-17 18:46:59,231 - INFO - Processing: RICELAND HOME HEALTH LLC (CCN: 673149)
2026-01-17 18:46:59,735 - INFO - 
[1062/1830]
2026-01-17 18:46:59,736 - INFO - Processing: PRESCRIBED HOME HEALTH INC (CCN: 677832)
2026-01-17 18:47:00,240 - INFO - 
[1063/1830]
2026-01-17 18:47:00,241 - INFO - Processing: HARMONYCARES HOME HEALTH (CCN: 677950)
2026-01-17 18:47:00,744 - INFO - 
[1064/1830]
2026-01-17 18:47:00,745 - INFO - Processing: PILOT POINT HOME HEALTH INC (CCN: 677532)
2026-01-17 18:47:01,251 - INFO - 
[1065/1830]
2026-01-17 18:47:01,251 - INFO - Processing: PECOS COUNTY MEMORIAL HOSPITAL HOME HEALTH AND HOS (CCN: 673107)
2026-01-17 18:47:01,756 - INFO - 
[1066/1830]
2026-01-17 18:47:01,756 - INFO - Processing: SANTA FE HOME CARE LLC (CCN: 673119)
2026-01-17 18:47:02,261 - INFO - 
[1067/1830]
2026-01-17 18:47:02,261 - INFO - Processing: TEXAS HEALTHCARE SOLUTIONS, INC. (CCN: 679298)
2026-01-17 18:47:02,767 - INFO - 
[1068/1830]
2026-01-17 18:47:02,767 - INFO - Processing: BAPTIST HOMECARE (CCN: 679403)
2026-01-17 18:47:03,271 - INFO - 
[1069/1830]
2026-01-17 18:47:03,271 - INFO - Processing: SOUTHERN LONE STAR HEALTHCARE & HOSPICE (CCN: 679603)
2026-01-17 18:47:03,776 - INFO - 
[1070/1830]
2026-01-17 18:47:03,776 - INFO - Processing: S. A. NURSES HOME HEALTH AGENCY (CCN: 453135)
2026-01-17 18:47:04,281 - INFO - 
[1071/1830]
2026-01-17 18:47:04,281 - INFO - Processing: APOSTLE HOME HEALTH CARE PLLC (CCN: 457915)
2026-01-17 18:47:04,785 - INFO - 
[1072/1830]
2026-01-17 18:47:04,785 - INFO - Processing: SHALEM HOME HEALTH CARE INC (CCN: 457984)
2026-01-17 18:47:05,289 - INFO - 
[1073/1830]
2026-01-17 18:47:05,290 - INFO - Processing: BRIGHTSTAR CARE (CCN: 679547)
2026-01-17 18:47:05,795 - INFO - 
[1074/1830]
2026-01-17 18:47:05,795 - INFO - Processing: ADVANCED CARE HOME HEALTH, LLC. (CCN: 748006)
2026-01-17 18:47:06,301 - INFO - 
[1075/1830]
2026-01-17 18:47:06,301 - INFO - Processing: JK HOME HEALTH SERVICE (CCN: 457980)
2026-01-17 18:47:06,806 - INFO - 
[1076/1830]
2026-01-17 18:47:06,806 - INFO - Processing: RETREAT HEALTH CARE SERVICES INC (CCN: 677439)
2026-01-17 18:47:07,310 - INFO - 
[1077/1830]
2026-01-17 18:47:07,310 - INFO - Processing: TEXAS HUMAN HEALTHCARE SERVICES (CCN: 679306)
2026-01-17 18:47:07,815 - INFO - 
[1078/1830]
2026-01-17 18:47:07,815 - INFO - Processing: NEW MISSION HOME CARE (CCN: 457881)
2026-01-17 18:47:08,320 - INFO - 
[1079/1830]
2026-01-17 18:47:08,320 - INFO - Processing: SIGMA HEALTH CARE INC (CCN: 459423)
2026-01-17 18:47:08,825 - INFO - 
[1080/1830]
2026-01-17 18:47:08,825 - INFO - Processing: AMISTAD HOMECARE INC (CCN: 679307)
2026-01-17 18:47:09,385 - INFO - Progress saved: 1080/1830
2026-01-17 18:47:09,386 - INFO - 
[1081/1830]
2026-01-17 18:47:09,386 - INFO - Processing: CENTERWELL HOME HEALTH (CCN: 679412)
2026-01-17 18:47:09,891 - INFO - 
[1082/1830]
2026-01-17 18:47:09,891 - INFO - Processing: HEALTHY HORIZONS HOMECARE LLC (CCN: 747110)
2026-01-17 18:47:10,396 - INFO - 
[1083/1830]
2026-01-17 18:47:10,396 - INFO - Processing: SPECTRUM HOME HEALTH (CCN: 747571)
2026-01-17 18:47:10,901 - INFO - 
[1084/1830]
2026-01-17 18:47:10,901 - INFO - Processing: ALEGRE HOME HEALTH CARE LLC (CCN: 747341)
2026-01-17 18:47:11,406 - INFO - 
[1085/1830]
2026-01-17 18:47:11,406 - INFO - Processing: NIGHTINGALE SERVICES (CCN: 457955)
2026-01-17 18:47:11,911 - INFO - 
[1086/1830]
2026-01-17 18:47:11,911 - INFO - Processing: TREND HEALTH CARE, INC. (CCN: 677889)
2026-01-17 18:47:12,416 - INFO - 
[1087/1830]
2026-01-17 18:47:12,416 - INFO - Processing: ALFRED HEALTHCARE SERVICES, INC. (CCN: 457849)
2026-01-17 18:47:12,921 - INFO - 
[1089/1830]
2026-01-17 18:47:12,921 - INFO - Processing: ENVISION HOME CARE (CCN: 743117)
2026-01-17 18:47:13,426 - INFO - 
[1092/1830]
2026-01-17 18:47:13,426 - INFO - Processing: GOOD SAMARITAN HOME HEALTH AGENCY (CCN: 679191)
2026-01-17 18:47:13,931 - INFO - 
[1093/1830]
2026-01-17 18:47:13,931 - INFO - Processing: CHRISTUS HOMECARE (CCN: 747664)
2026-01-17 18:47:14,436 - INFO - 
[1094/1830]
2026-01-17 18:47:14,436 - INFO - Processing: KINESIS HOME HEALTH CARE LLC (CCN: 747985)
2026-01-17 18:47:14,941 - INFO - 
[1097/1830]
2026-01-17 18:47:14,942 - INFO - Processing: INTEGRITY HOME HEALTH (CCN: 457949)
2026-01-17 18:47:15,446 - INFO - 
[1098/1830]
2026-01-17 18:47:15,447 - INFO - Processing: STERLING CARE HOME HEALTH AGENCY (CCN: 747090)
2026-01-17 18:47:15,951 - INFO - 
[1099/1830]
2026-01-17 18:47:15,952 - INFO - Processing: C & E HOME HEALTH SERVICES INC (CCN: 747545)
2026-01-17 18:47:16,456 - INFO - 
[1100/1830]
2026-01-17 18:47:16,456 - INFO - Processing: LAREDO QUALITY HOME HEALTH INC (CCN: 747028)
2026-01-17 18:47:17,015 - INFO - Progress saved: 1100/1830
2026-01-17 18:47:17,015 - INFO - 
[1102/1830]
2026-01-17 18:47:17,015 - INFO - Processing: ACTIVE HOME HEALTH (CCN: 679106)
2026-01-17 18:47:17,520 - INFO - 
[1103/1830]
2026-01-17 18:47:17,520 - INFO - Processing: GIFTED HEALTHCARE INC (CCN: 747442)
2026-01-17 18:47:18,026 - INFO - 
[1104/1830]
2026-01-17 18:47:18,027 - INFO - Processing: ODYSSEY PRIMARY HOMECARE INC (CCN: 747593)
2026-01-17 18:47:18,533 - INFO - 
[1107/1830]
2026-01-17 18:47:18,533 - INFO - Processing: ONLY LOVE HOME CARE (CCN: 747404)
2026-01-17 18:47:19,037 - INFO - 
[1108/1830]
2026-01-17 18:47:19,038 - INFO - Processing: PHYSICIANS CHOICE HEALTH SERVICES (CCN: 677946)
2026-01-17 18:47:19,542 - INFO - 
[1109/1830]
2026-01-17 18:47:19,543 - INFO - Processing: MYNURSE HOME CARE INC (CCN: 743112)
2026-01-17 18:47:20,047 - INFO - 
[1110/1830]
2026-01-17 18:47:20,047 - INFO - Processing: BLUEBONNET HOME HEALTH & HOSPICE COMPANY (CCN: 457550)
2026-01-17 18:47:20,554 - INFO - 
[1111/1830]
2026-01-17 18:47:20,555 - INFO - Processing: PROGRESSIVE HOME CARE (CCN: 678341)
2026-01-17 18:47:21,059 - INFO - 
[1112/1830]
2026-01-17 18:47:21,059 - INFO - Processing: MED GLOBAL HOME HEALTH CARE INC (CCN: 453118)
2026-01-17 18:47:21,565 - INFO - 
[1114/1830]
2026-01-17 18:47:21,565 - INFO - Processing: ATLAS HEALTH, LLC (CCN: 747814)
2026-01-17 18:47:22,072 - INFO - 
[1115/1830]
2026-01-17 18:47:22,072 - INFO - Processing: CAPROCK HOME HEALTH SERVICES INC (CCN: 457381)
2026-01-17 18:47:22,577 - INFO - 
[1116/1830]
2026-01-17 18:47:22,578 - INFO - Processing: PINNACLE HEALTH SERVICES, INC (CCN: 679131)
2026-01-17 18:47:23,082 - INFO - 
[1117/1830]
2026-01-17 18:47:23,083 - INFO - Processing: VIKA MEDICAL SERVICES LLC (CCN: 747948)
2026-01-17 18:47:23,588 - INFO - 
[1118/1830]
2026-01-17 18:47:23,588 - INFO - Processing: CHRYSALIS HOME HEALTHCARE & HOSPICE (CCN: 748012)
2026-01-17 18:47:24,094 - INFO - 
[1119/1830]
2026-01-17 18:47:24,094 - INFO - Processing: JEFFERSON COUNTY HOME HEALTH CARE INC (CCN: 677686)
2026-01-17 18:47:24,600 - INFO - 
[1120/1830]
2026-01-17 18:47:24,600 - INFO - Processing: MARATHON HEALTHCARE SERVICES LLC (CCN: 747627)
2026-01-17 18:47:25,165 - INFO - Progress saved: 1120/1830
2026-01-17 18:47:25,166 - INFO - 
[1121/1830]
2026-01-17 18:47:25,166 - INFO - Processing: OCHILTREE GENERAL HOSPITAL HOME HEALTH CARE DEPART (CCN: 457640)
2026-01-17 18:47:25,671 - INFO - 
[1122/1830]
2026-01-17 18:47:25,672 - INFO - Processing: SOUTHERN TOUCH HOME HEALTH (CCN: 457743)
2026-01-17 18:47:26,176 - INFO - 
[1123/1830]
2026-01-17 18:47:26,176 - INFO - Processing: WINDSONG HOME HEALTH AGENCY (CCN: 677283)
2026-01-17 18:47:26,681 - INFO - 
[1125/1830]
2026-01-17 18:47:26,681 - INFO - Processing: APEX HOME CARE (CCN: 747548)
2026-01-17 18:47:27,186 - INFO - 
[1126/1830]
2026-01-17 18:47:27,186 - INFO - Processing: MASTERS HEALTH CARE SERVICES INC (CCN: 458098)
2026-01-17 18:47:27,691 - INFO - 
[1127/1830]
2026-01-17 18:47:27,691 - INFO - Processing: ACURA HOME HEALTHCARE LLC (CCN: 679226)
2026-01-17 18:47:28,196 - INFO - 
[1128/1830]
2026-01-17 18:47:28,196 - INFO - Processing: ALERIS HOME HEALTH INC (CCN: 748005)
2026-01-17 18:47:28,701 - INFO - 
[1129/1830]
2026-01-17 18:47:28,702 - INFO - Processing: PREVAIL HOME HEALTH CARE LLC (CCN: 679736)
2026-01-17 18:47:29,206 - INFO - 
[1131/1830]
2026-01-17 18:47:29,206 - INFO - Processing: PARKVIEW HOSPITAL HOME HEALTH AGENCY (CCN: 677604)
2026-01-17 18:47:29,711 - INFO - 
[1132/1830]
2026-01-17 18:47:29,711 - INFO - Processing: FRIENDLY CARE HOME HEALTH SERVICES LLC (CCN: 747296)
2026-01-17 18:47:30,216 - INFO - 
[1133/1830]
2026-01-17 18:47:30,216 - INFO - Processing: A HUG AWAY HEALTHCARE INC (CCN: 747390)
2026-01-17 18:47:30,720 - INFO - 
[1134/1830]
2026-01-17 18:47:30,721 - INFO - Processing: DELCO HEALTH CARE LLC (CCN: 747941)
2026-01-17 18:47:31,225 - INFO - 
[1135/1830]
2026-01-17 18:47:31,226 - INFO - Processing: CATER 2 YOU HOME HEALTH CARE (CCN: 747803)
2026-01-17 18:47:31,732 - INFO - 
[1136/1830]
2026-01-17 18:47:31,732 - INFO - Processing: MAIN STREET HOMECARE (CCN: 679052)
2026-01-17 18:47:32,237 - INFO - 
[1141/1830]
2026-01-17 18:47:32,237 - INFO - Processing: KAISER HOME HEALTH SERVICES (CCN: 459424)
2026-01-17 18:47:32,742 - INFO - 
[1142/1830]
2026-01-17 18:47:32,742 - INFO - Processing: ROSE HOME HEALTH SERVICES INC (CCN: 678216)
2026-01-17 18:47:33,247 - INFO - 
[1143/1830]
2026-01-17 18:47:33,247 - INFO - Processing: SEV HOME CARE INC (CCN: 679272)
2026-01-17 18:47:33,753 - INFO - 
[1144/1830]
2026-01-17 18:47:33,753 - INFO - Processing: 1ST PRUDENTIAL HEALTH CARE SERVICES, INC. (CCN: 679358)
2026-01-17 18:47:34,258 - INFO - 
[1145/1830]
2026-01-17 18:47:34,258 - INFO - Processing: CUIDADO CASERO HOME HEALTH LUBBOCK (CCN: 459427)
2026-01-17 18:47:34,763 - INFO - 
[1146/1830]
2026-01-17 18:47:34,763 - INFO - Processing: EXCEL HOME HEALTH (CCN: 677957)
2026-01-17 18:47:35,268 - INFO - 
[1148/1830]
2026-01-17 18:47:35,268 - INFO - Processing: DIRECT HOME HEALTH SERVICES INC (CCN: 747842)
2026-01-17 18:47:35,773 - INFO - 
[1149/1830]
2026-01-17 18:47:35,773 - INFO - Processing: REHAB AT HOME HEALTHCARE SERVICES (CCN: 679281)
2026-01-17 18:47:36,279 - INFO - 
[1150/1830]
2026-01-17 18:47:36,279 - INFO - Processing: MERCY HOME HEALTH (CCN: 679289)
2026-01-17 18:47:36,785 - INFO - 
[1153/1830]
2026-01-17 18:47:36,785 - INFO - Processing: ANGELUS HEALTH SERVICES, INC. (CCN: 679196)
2026-01-17 18:47:37,290 - INFO - 
[1155/1830]
2026-01-17 18:47:37,290 - INFO - Processing: LA FAMILIA HOME HEALTH INC (CCN: 459438)
2026-01-17 18:47:37,796 - INFO - 
[1161/1830]
2026-01-17 18:47:37,796 - INFO - Processing: CHILDRESS REGIONAL MEDICAL CENTER HOME HEALTH SERV (CCN: 457489)
2026-01-17 18:47:38,301 - INFO - 
[1163/1830]
2026-01-17 18:47:38,301 - INFO - Processing: RIO GRANDE HOME HEALTH AGENCY INC (CCN: 457089)
2026-01-17 18:47:38,806 - INFO - 
[1164/1830]
2026-01-17 18:47:38,806 - INFO - Processing: MEDSOL HOME HEALTHCARE & CASE MANAGEMENT SERVICES (CCN: 679593)
2026-01-17 18:47:39,311 - INFO - 
[1169/1830]
2026-01-17 18:47:39,311 - INFO - Processing: DIMENSION HEALTHCARE SERVICES, INC. (CCN: 679212)
2026-01-17 18:47:39,816 - INFO - 
[1179/1830]
2026-01-17 18:47:39,816 - INFO - Processing: ELITE HOME HEALTH (CCN: 748032)
2026-01-17 18:47:40,321 - INFO - 
[1192/1830]
2026-01-17 18:47:40,321 - INFO - Processing: CORYELL MEMORIAL HOSPITAL HOME HEALTH CARE SERVICE (CCN: 457668)
2026-01-17 18:47:40,827 - INFO - 
[1205/1830]
2026-01-17 18:47:40,827 - INFO - Processing: CALVARY HEALTH CARE INC (CCN: 747092)
2026-01-17 18:47:41,332 - INFO - 
[1233/1830]
2026-01-17 18:47:41,332 - INFO - Processing: DOCTOR'S CHOICE HOME CARE (CCN: 747426)
2026-01-17 18:47:41,917 - INFO - 
================================================================================
2026-01-17 18:47:41,918 - INFO - ENRICHMENT SUMMARY
2026-01-17 18:47:41,918 - INFO - ================================================================================
2026-01-17 18:47:41,918 - INFO - Total rows:                    1,830
2026-01-17 18:47:41,918 - INFO - Skipped (has owner):           153
2026-01-17 18:47:41,918 - INFO - Skipped (out of range):        1,250
2026-01-17 18:47:41,918 - INFO - Attempted enrichment:          427
2026-01-17 18:47:41,918 - INFO - Successfully filled (conf≥35): 322
2026-01-17 18:47:41,918 - INFO - Left blank (conf<35):          105
2026-01-17 18:47:41,918 - INFO - Errors:                        0
2026-01-17 18:47:41,918 - INFO - ================================================================================
2026-01-17 18:47:41,918 - INFO - Success rate: 75.4%
2026-01-17 18:47:41,918 - INFO - 
Output file: agencies_enriched.csv
2026-01-17 18:47:41,918 - INFO - Cache file: enrichment_cache.json
2026-01-17 18:47:41,918 - INFO - Log file: run.log
2026-01-17 18:47:41,919 - INFO - ================================================================================
